// Jest Snapshot v1, https://goo.gl/fbAQLP

exports[`FlightboardLayout Component renders correctly 1`] = `
<div
  id="page-wrap"
>
  <Navbar
    filter={[Function]}
  />
  <Flightboard
    filter=""
  />
</div>
`;
