// Jest Snapshot v1, https://goo.gl/fbAQLP

exports[`Sidebar Component renders correctly 1`] = `
<div
  className="columns small-4 right-col"
>
  <div
    id="single-room__clock-wrap"
  >
    <Clock />
  </div>
  <div
    id="upcoming-title"
  >
    Upcoming
  </div>
  <table />
</div>
`;
