// Jest Snapshot v1, https://goo.gl/fbAQLP

exports[`Flightboard component renders correctly 1`] = `
<div
  className="tracker-wrap"
>
  <Socket
    response={[Function]}
  />
  <Spinner />
</div>
`;
